Installed search providers (ordered by priority):
- FileSystem
Installed version control providers (ordered by priority):
- None
