Treatment.Contract.Plugin.FileSearch.IFileSearch.FindFilesIncludingSubdirectories("main/directory", "*.csproj")
Treatment.Contract.Plugin.FileSearch.IFileSearch.FindFilesIncludingSubdirectories("main/directory", "app.config")
Treatment.Contract.Plugin.FileSearch.IFileSearch.FindFilesIncludingSubdirectories("main/directory", "App.config")
Treatment.Contract.Plugin.SourceControl.IReadOnlySourceControl.GetFileStatus("main/directory/a/file1.csproj")
Treatment.Contract.Plugin.SourceControl.IReadOnlySourceControl.GetFileStatus("main/directory/a/app.config")
Treatment.Core.UseCases.CleanAppConfig.ICleanSingleAppConfig.ExecuteAsync("main/directory/a/file1.csproj", "main/directory/a/app.config")
